<html>
<body>
<pre>
<h1>µVision Build Log</h1>
<h2>Tool Versions:</h2>
IDE-Version: ¦ÌVision V5.15
Copyright (C) 2015 ARM Ltd and ARM Germany GmbH. All rights reserved.
License Information:  ,  , LIC=8MZJJ-UYCU5-HRJXN-YF5LY-07QG0-ACRN4
 
Tool Versions:
Toolchain:       MDK-ARM Professional  Version: 5.15.0
Toolchain Path:  D:\Keil_v5\ARM\ARMCC\Bin
C Compiler:      Armcc.exe V5.05 update 2 (build 169)
Assembler:       Armasm.exe V5.05 update 2 (build 169)
Linker/Locator:  ArmLink.exe V5.05 update 2 (build 169)
Library Manager: ArmAr.exe V5.05 update 2 (build 169)
Hex Converter:   FromElf.exe V5.05 update 2 (build 169)
CPU DLL:         SARMCM3.DLL V5.15.0
Dialog DLL:      DCM.DLL V1.13.2.0
Target DLL:      CMSIS_AGDI.dll V1.21.12.0
Dialog DLL:      TCM.DLL V1.14.5.0
 
<h2>Project:</h2>
D:\qianrushi\stuppy_bird\Project\stuppy_bird.uvprojx
Project File Date:  04/20/2019

<h2>Output:</h2>
*** Using Compiler 'V5.05 update 2 (build 169)', folder: 'D:\Keil_v5\ARM\ARMCC\Bin'
Build target 'Target 1'
compiling engine.c...
..\User\./engine/engine.h(48): warning:  #1-D: last line of file ends without a newline
  };
..\User\./tim/tim.h(32): warning:  #1-D: last line of file ends without a newline
  #endif        /* __BSP_TIMEBASE_H */
..\User\engine\engine.c(168): warning:  #1-D: last line of file ends without a newline
  }
..\User\engine\engine.c: 3 warnings, 0 errors
linking...
Program Size: Code=6444 RO-data=15536 RW-data=92 ZI-data=1932  
FromELF: creating hex file...
"..\Output\stuppy_bird.axf" - 0 Error(s), 3 Warning(s).

<h2>Collection of Component include folders:</h2>
  D:\qianrushi\stuppy_bird\Project\RTE
  D:\Keil_v5\ARM\PACK\Keil\STM32F1xx_DFP\1.1.0\Device\Include

<h2>Collection of Component Files used:</h2>
</pre>
</body>
</html>
